08-03 16:17:36.575  4556  4616 I libprocessgroup: Successfully killed process cgroup uid 10193 pid 21278 in 153ms
08-03 16:17:36.609  4287  4849 I CameraService: UidPolicy: No processes running for a uid=10193 disabled=0
08-03 16:17:36.661 29851 29851 D BoundBrokerSvc: onUnbind: Intent { act=com.google.android.gms.feedback.internal.IFeedbackService dat=chimera-action: cmp=com.google.android.gms/.chimera.GmsBoundBrokerService }
08-03 16:17:36.763  4354  4813 I bauth_FPBAuthService: pcf : 0x1012, 0 ,1 ,0 ,0 ,0 ,0, 5.1.0.0
08-03 16:17:36.763  4354  4813 I bauth_FPBAuthService: thread id : 1, preenroll_flag : 0, nd cnt : 0, cso : 0, et : 0
08-03 16:17:36.763  4354  4813 I bauth_FPBAuthService: FPBAuthService, 11607
08-03 16:17:36.815  4143  4143 I Zygote  : Process 22106 exited due to signal 9 (Killed)
08-03 16:17:36.829  4556  4616 I libprocessgroup: Successfully killed process cgroup uid 10175 pid 22106 in 78ms
08-03 16:17:36.853  4287  4849 I CameraService: UidPolicy: No processes running for a uid=10175 disabled=0
08-03 16:17:37.193 27414 27414 D BoundBrokerSvc: onUnbind: Intent { act=com.google.android.gms.icing.LIGHTWEIGHT_INDEX_SERVICE dat=chimera-action: cmp=com.google.android.gms/.chimera.PersistentApiService }
08-03 16:17:37.764  4354  4813 I bauth_FPBAuthService: pcf : 0x1012, 0 ,1 ,0 ,0 ,0 ,0, 5.1.0.0
08-03 16:17:37.764  4354  4813 I bauth_FPBAuthService: thread id : 1, preenroll_flag : 0, nd cnt : 0, cso : 0, et : 0
08-03 16:17:37.764  4354  4813 I bauth_FPBAuthService: FPBAuthService, 11607
08-03 16:17:38.374  4233  4233 I SurfaceFlinger: SFWD update time=306396706352385
08-03 16:17:38.682 27414 27414 D BoundBrokerSvc: onUnbind: Intent { act=com.google.android.gms.presencemanager.service.START dat=chimera-action: cmp=com.google.android.gms/.chimera.PersistentApiService }
08-03 16:17:38.696  4091 23280 I android.system.suspend@1.0-service: !@SystemSuspend: wakeup_count+
08-03 16:17:38.697  4091 23280 I android.system.suspend@1.0-service: !@SystemSuspend: wakeup_count-
08-03 16:17:38.697  4091 23280 I android.system.suspend@1.0-service: !@SystemSuspend: mSuspendCounter+
08-03 16:17:38.705 27414 27414 D BoundBrokerSvc: onUnbind: Intent { act=com.google.android.gms.presencemanager.service.INTERNAL_IDENTITY dat=chimera-action: cmp=com.google.android.gms/.chimera.PersistentApiService }
08-03 16:17:38.726  4091 23280 I android.system.suspend@1.0-service: !@SystemSuspend: mSuspendCounter-
08-03 16:17:38.764  4354  4813 I bauth_FPBAuthService: pcf : 0x1012, 0 ,1 ,0 ,0 ,0 ,0, 5.1.0.0
08-03 16:17:38.764  4354  4813 I bauth_FPBAuthService: thread id : 1, preenroll_flag : 0, nd cnt : 0, cso : 0, et : 0
08-03 16:17:38.765  4354  4813 I bauth_FPBAuthService: FPBAuthService, 11607
08-03 16:17:39.061  4556  4805 I System.out: (HTTPLog)-Static: isSBSettingEnabled false
08-03 16:17:39.061  4556  4805 I System.out: (HTTPLog)-Static: isSBSettingEnabled false
08-03 16:17:39.066  4142  4272 E Netd    : getNetworkForDns: getNetId from enterpriseCtrl is netid 0
08-03 16:17:39.293 31697 31834 I ContactsProvider_EventLog: contents_sample_state: [CONTACT contacts(174) data(1731) accounts({com.google (3)=76, com.osp.app.signin (6)=53, com.whatsapp (10)=112, com.google.android.apps.tachyon (8)=20, org.telegram.messenger (9)=146, com.google.android.apps.tachyon (442)=3}) accounts deleted({}) in_trash(in_trash(0), in_trash_for_sync(0)) calls([logtype:100 cnt:210, logtype:300 cnt:500, logtype:1000 cnt:1790]) countryIso(RU) userId(0)  ]
08-03 16:17:39.293 31697 31834 I ContactsProvider_EventLog: contents_sample_state: [ agr({[3 ,9 ,10 ,9]=1, [6 ,10 ,8 ,9]=1, [3 ,9 ,10 ,8]=6, [6 ,10]=9, [6]=1, [3]=9, [6 ,10 ,8]=1, [6 ,10 ,9]=10, [6 ,9 ,10 ,442]=2, [3 ,10 ,8 ,9]=1, [3 ,10 ,9 ,442]=1, [6 ,9 ,10 ,8]=8, [9 ,6]=1, [3 ,9 ,10]=36, [3 ,9]=2, [3 ,10]=8, [3 ,10 ,8]=2, [3 ,10 ,9]=10, [6 ,9]=4, [9 ,6 ,9 ,10 ,8]=1, [6 ,9 ,10]=15, [9]=45})  ]
08-03 16:17:39.293 31697 31834 I ContactsProvider_EventLog: contents_sample_state: [ actCnt({android.process.acore(31697)=1})  ]
08-03 16:17:39.293 31697 31834 I ContactsProvider_EventLog: contents_sample_state: [PROFILE contacts(0) data(0) accounts({})  ] [SAPROFILE contacts(1) data(1) accounts({vnd.sec.contact.phone (1)=1})  ]
08-03 16:17:39.293 31697 31834 I ContactsProvider_EventLog: contents_sample_state: [STORAGE Contacts(CE) Profile(CE) SAProfile(CE) CallLog(CE)  ]
08-03 16:17:39.665  4556  4628 I LocationManagerService: getGPSUsingApps() called
08-03 16:17:39.665  4556  4628 I NSLocationMonitor: getGPSUsingApps() called
08-03 16:17:39.699  5913  6778 I NSMonitorService_FLP: getGPSUsingApps, NO_FREEZE={5013}/ FREEZE={}
08-03 16:17:39.765  4354  4813 I bauth_FPBAuthService: pcf : 0x1012, 0 ,1 ,0 ,0 ,0 ,0, 5.1.0.0
08-03 16:17:39.765  4354  4813 I bauth_FPBAuthService: thread id : 1, preenroll_flag : 0, nd cnt : 0, cso : 0, et : 0
08-03 16:17:39.765  4354  4813 I bauth_FPBAuthService: FPBAuthService, 11607
08-03 16:17:40.766  4354  4813 I bauth_FPBAuthService: pcf : 0x1012, 0 ,1 ,0 ,0 ,0 ,0, 5.1.0.0
08-03 16:17:40.766  4354  4813 I bauth_FPBAuthService: thread id : 1, preenroll_flag : 0, nd cnt : 0, cso : 0, et : 0
08-03 16:17:40.766  4354  4813 I bauth_FPBAuthService: FPBAuthService, 11607
08-03 16:17:41.767  4354  4813 I bauth_FPBAuthService: pcf : 0x1012, 0 ,1 ,0 ,0 ,0 ,0, 5.1.0.0
08-03 16:17:41.767  4354  4813 I bauth_FPBAuthService: thread id : 1, preenroll_flag : 0, nd cnt : 0, cso : 0, et : 0
08-03 16:17:41.767  4354  4813 I bauth_FPBAuthService: FPBAuthService, 11607
08-03 16:17:42.767  4354  4813 I bauth_FPBAuthService: pcf : 0x1012, 0 ,1 ,0 ,0 ,0 ,0, 5.1.0.0
08-03 16:17:42.768  4354  4813 I bauth_FPBAuthService: thread id : 1, preenroll_flag : 0, nd cnt : 0, cso : 0, et : 0
08-03 16:17:42.768  4354  4813 I bauth_FPBAuthService: FPBAuthService, 11607
08-03 16:17:43.121  4556  4805 I System.out: (HTTPLog)-Static: isSBSettingEnabled false
08-03 16:17:43.123  4556  4805 I System.out: (HTTPLog)-Static: isSBSettingEnabled false
08-03 16:17:43.128  4142  4272 E Netd    : getNetworkForDns: getNetId from enterpriseCtrl is netid 0
08-03 16:17:43.375  4233  4233 I SurfaceFlinger: SFWD update time=306401706945612
08-03 16:17:43.769  4354  4813 I bauth_FPBAuthService: pcf : 0x1012, 0 ,1 ,0 ,0 ,0 ,0, 5.1.0.0
08-03 16:17:43.769  4354  4813 I bauth_FPBAuthService: thread id : 1, preenroll_flag : 0, nd cnt : 0, cso : 0, et : 0
08-03 16:17:43.770  4354  4813 I bauth_FPBAuthService: FPBAuthService, 11607
08-03 16:17:44.770  4354  4813 I bauth_FPBAuthService: pcf : 0x1012, 0 ,1 ,0 ,0 ,0 ,0, 5.1.0.0
08-03 16:17:44.770  4354  4813 I bauth_FPBAuthService: thread id : 1, preenroll_flag : 0, nd cnt : 0, cso : 0, et : 0
08-03 16:17:44.771  4354  4813 I bauth_FPBAuthService: FPBAuthService, 11607
08-03 16:17:45.127  4091 23280 I android.system.suspend@1.0-service: !@SystemSuspend: wakeup_count+
08-03 16:17:45.128  4091 23280 I android.system.suspend@1.0-service: !@SystemSuspend: wakeup_count-
08-03 16:17:45.128  4091 23280 I android.system.suspend@1.0-service: !@SystemSuspend: mSuspendCounter+
08-03 16:17:45.128  4091 23280 I android.system.suspend@1.0-service: !@SystemSuspend: mSuspendCounter-
08-03 16:17:45.129  4091 23280 I android.system.suspend@1.0-service: !@SystemSuspend: write mem+
08-03 16:17:45.172  4091 23280 I android.system.suspend@1.0-service: !@SystemSuspend: write mem-
08-03 16:17:45.173  4556  7077 I BatteryStatsService: In wakeup_callback: suspend aborted
08-03 16:17:45.771  4354  4813 I bauth_FPBAuthService: pcf : 0x1012, 0 ,1 ,0 ,0 ,0 ,0, 5.1.0.0
08-03 16:17:45.771  4354  4813 I bauth_FPBAuthService: thread id : 1, preenroll_flag : 0, nd cnt : 0, cso : 0, et : 0
08-03 16:17:45.771  4354  4813 I bauth_FPBAuthService: FPBAuthService, 11607
08-03 16:17:46.772  4354  4813 I bauth_FPBAuthService: pcf : 0x1012, 0 ,1 ,0 ,0 ,0 ,0, 5.1.0.0
08-03 16:17:46.773  4354  4813 I bauth_FPBAuthService: thread id : 1, preenroll_flag : 0, nd cnt : 0, cso : 0, et : 0
08-03 16:17:46.773  4354  4813 I bauth_FPBAuthService: FPBAuthService, 11607
08-03 16:17:47.188  4556  4805 I System.out: (HTTPLog)-Static: isSBSettingEnabled false
08-03 16:17:47.189  4556  4805 I System.out: (HTTPLog)-Static: isSBSettingEnabled false
08-03 16:17:47.195  4142  4272 E Netd    : getNetworkForDns: getNetId from enterpriseCtrl is netid 0
08-03 16:17:47.773  4354  4813 I bauth_FPBAuthService: pcf : 0x1012, 0 ,1 ,0 ,0 ,0 ,0, 5.1.0.0
08-03 16:17:47.773  4354  4813 I bauth_FPBAuthService: thread id : 1, preenroll_flag : 0, nd cnt : 0, cso : 0, et : 0
08-03 16:17:47.773  4354  4813 I bauth_FPBAuthService: FPBAuthService, 11607
08-03 16:17:48.375  4233  4233 I SurfaceFlinger: SFWD update time=306406707282685
08-03 16:17:48.774  4354  4813 I bauth_FPBAuthService: pcf : 0x1012, 0 ,1 ,0 ,0 ,0 ,0, 5.1.0.0
08-03 16:17:48.774  4354  4813 I bauth_FPBAuthService: thread id : 1, preenroll_flag : 0, nd cnt : 0, cso : 0, et : 0
08-03 16:17:48.774  4354  4813 I bauth_FPBAuthService: FPBAuthService, 11607
08-03 16:17:48.907  4143  4143 I Zygote  : Process 22083 exited due to signal 9 (Killed)
08-03 16:17:48.907  4556  4616 I libprocessgroup: Successfully killed process cgroup uid 1000 pid 22083 in 85ms
08-03 16:17:49.775  4354  4813 I bauth_FPBAuthService: pcf : 0x1012, 0 ,1 ,0 ,0 ,0 ,0, 5.1.0.0
08-03 16:17:49.775  4354  4813 I bauth_FPBAuthService: thread id : 1, preenroll_flag : 0, nd cnt : 0, cso : 0, et : 0
08-03 16:17:49.776  4354  4813 I bauth_FPBAuthService: FPBAuthService, 11607
08-03 16:17:50.776  4354  4813 I bauth_FPBAuthService: pcf : 0x1012, 0 ,1 ,0 ,0 ,0 ,0, 5.1.0.0
08-03 16:17:50.777  4354  4813 I bauth_FPBAuthService: thread id : 1, preenroll_flag : 0, nd cnt : 0, cso : 0, et : 0
08-03 16:17:50.777  4354  4813 I bauth_FPBAuthService: FPBAuthService, 11607
08-03 16:17:51.250  4556  4805 I System.out: (HTTPLog)-Static: isSBSettingEnabled false
08-03 16:17:51.251  4556  4805 I System.out: (HTTPLog)-Static: isSBSettingEnabled false
08-03 16:17:51.257  4142  4272 E Netd    : getNetworkForDns: getNetId from enterpriseCtrl is netid 0
08-03 16:17:51.778  4354  4813 I bauth_FPBAuthService: pcf : 0x1012, 0 ,1 ,0 ,0 ,0 ,0, 5.1.0.0
08-03 16:17:51.778  4354  4813 I bauth_FPBAuthService: thread id : 1, preenroll_flag : 0, nd cnt : 0, cso : 0, et : 0
08-03 16:17:51.778  4354  4813 I bauth_FPBAuthService: FPBAuthService, 11607
08-03 16:17:52.779  4354  4813 I bauth_FPBAuthService: pcf : 0x1012, 0 ,1 ,0 ,0 ,0 ,0, 5.1.0.0
08-03 16:17:52.779  4354  4813 I bauth_FPBAuthService: thread id : 1, preenroll_flag : 0, nd cnt : 0, cso : 0, et : 0
08-03 16:17:52.779  4354  4813 I bauth_FPBAuthService: FPBAuthService, 11607
08-03 16:17:53.375  4233  4233 I SurfaceFlinger: SFWD update time=306411707614336
08-03 16:17:53.779  4354  4813 I bauth_FPBAuthService: pcf : 0x1012, 0 ,1 ,0 ,0 ,0 ,0, 5.1.0.0
08-03 16:17:53.780  4354  4813 I bauth_FPBAuthService: thread id : 1, preenroll_flag : 0, nd cnt : 0, cso : 0, et : 0
08-03 16:17:53.780  4354  4813 I bauth_FPBAuthService: FPBAuthService, 11607
08-03 16:17:54.747  4556  4628 I LocationManagerService: getGPSUsingApps() called
08-03 16:17:54.747  4556  4628 I NSLocationMonitor: getGPSUsingApps() called
08-03 16:17:54.780  4354  4813 I bauth_FPBAuthService: pcf : 0x1012, 0 ,1 ,0 ,0 ,0 ,0, 5.1.0.0
08-03 16:17:54.780  4354  4813 I bauth_FPBAuthService: thread id : 1, preenroll_flag : 0, nd cnt : 0, cso : 0, et : 0
08-03 16:17:54.780  4354  4813 I bauth_FPBAuthService: FPBAuthService, 11607
08-03 16:17:54.788  5913  6778 I NSMonitorService_FLP: getGPSUsingApps, NO_FREEZE={5013}/ FREEZE={}
08-03 16:17:55.314  4556  4805 I System.out: (HTTPLog)-Static: isSBSettingEnabled false
08-03 16:17:55.315  4556  4805 I System.out: (HTTPLog)-Static: isSBSettingEnabled false
08-03 16:17:55.319  4142  4272 E Netd    : getNetworkForDns: getNetId from enterpriseCtrl is netid 0
08-03 16:17:55.781  4354  4813 I bauth_FPBAuthService: pcf : 0x1012, 0 ,1 ,0 ,0 ,0 ,0, 5.1.0.0
08-03 16:17:55.781  4354  4813 I bauth_FPBAuthService: thread id : 1, preenroll_flag : 0, nd cnt : 0, cso : 0, et : 0
08-03 16:17:55.781  4354  4813 I bauth_FPBAuthService: FPBAuthService, 11607
08-03 16:17:56.456  4233  4252 I SurfaceFlinger: id=32936 createSurf (0x0),-1 flag=80004, ActivityRecord{e56af33 u0 com.example.dogglers/androidx.test.core.app.InstrumentationActivityInvoker$EmptyActivity t485}#0
08-03 16:17:56.479  4556  6734 D InputDispatcher: Focused application set to (0): e56af33
08-03 16:17:56.498  4556  6734 I SemDvfsHyPerManager: acquire hyper - AMS_APP_LAUNCH/4556@17, type = -999
08-03 16:17:56.499  4177  4194 I HYPER-HAL: [RequestManager.cpp]acquire(): Acquired ID : 10458468  [4556 / 17]    HINT : AMS_APP_LAUNCH    list :
08-03 16:17:56.500  4177  4194 I HYPER-HAL: [ResourceManager.cpp]updateResource(): [CPUMinFreq] UpdateResource Request ID : 10458468    Value : 2314000
08-03 16:17:56.502  4556  4630 D FastTrack: setFastTrackState: pid = 22861 ;tid= 22861 ;value= 1
08-03 16:17:56.503  4556  4630 D FastTrack: setFastTrackState: pid = 22861 ;tid= 22994 ;value= 1
08-03 16:17:56.504  4556  4605 D SehCodecSolutionService: Update top [com.example.dogglers]
08-03 16:17:56.506 20992 20992 I BSS_SysUiManager: handleMessage = 9, 3, 485
08-03 16:17:56.511 22861 22861 D LifecycleMonitor: Lifecycle status change: androidx.test.core.app.InstrumentationActivityInvoker$EmptyActivity@56883b7 in: PRE_ON_CREATE
08-03 16:17:56.512 22861 22861 V ActivityScenario: Activity lifecycle changed event received but ignored because the intent does not match. startActivityIntent=Intent { act=android.intent.action.MAIN cat=[android.intent.category.LAUNCHER] cmp=com.example.dogglers/.MainActivity }, activity.getIntent()=Intent { act=android.intent.action.MAIN cat=[android.intent.category.LAUNCHER] flg=0x10000000 cmp=com.example.dogglers/androidx.test.core.app.InstrumentationActivityInvoker$EmptyActivity }, activity=androidx.test.core.app.InstrumentationActivityInvoker$EmptyActivity@56883b7
08-03 16:17:56.523 22861 22861 I DecorView: [INFO] isPopOver=false, config=true
08-03 16:17:56.523 22861 22861 I DecorView: updateCaptionType >> DecorView@2c4328d[], isFloating=false, isApplication=true, hasWindowDecorCaption=false, hasWindowControllerCallback=true
08-03 16:17:56.523 22861 22861 D DecorView: setCaptionType = 0, this = DecorView@2c4328d[]
08-03 16:17:56.529 22861 22861 D LifecycleMonitor: Lifecycle status change: androidx.test.core.app.InstrumentationActivityInvoker$EmptyActivity@56883b7 in: CREATED
08-03 16:17:56.529 22861 22861 V ActivityScenario: Activity lifecycle changed event received but ignored because the intent does not match. startActivityIntent=Intent { act=android.intent.action.MAIN cat=[android.intent.category.LAUNCHER] cmp=com.example.dogglers/.MainActivity }, activity.getIntent()=Intent { act=android.intent.action.MAIN cat=[android.intent.category.LAUNCHER] flg=0x10000000 cmp=com.example.dogglers/androidx.test.core.app.InstrumentationActivityInvoker$EmptyActivity }, activity=androidx.test.core.app.InstrumentationActivityInvoker$EmptyActivity@56883b7
08-03 16:17:56.532 22861 22861 D LifecycleMonitor: Lifecycle status change: androidx.test.core.app.InstrumentationActivityInvoker$EmptyActivity@56883b7 in: STARTED
08-03 16:17:56.532 22861 22861 V ActivityScenario: Activity lifecycle changed event received but ignored because the intent does not match. startActivityIntent=Intent { act=android.intent.action.MAIN cat=[android.intent.category.LAUNCHER] cmp=com.example.dogglers/.MainActivity }, activity.getIntent()=Intent { act=android.intent.action.MAIN cat=[android.intent.category.LAUNCHER] flg=0x10000000 cmp=com.example.dogglers/androidx.test.core.app.InstrumentationActivityInvoker$EmptyActivity }, activity=androidx.test.core.app.InstrumentationActivityInvoker$EmptyActivity@56883b7
08-03 16:17:56.534 22861 22861 D LifecycleMonitor: Lifecycle status change: androidx.test.core.app.InstrumentationActivityInvoker$EmptyActivity@56883b7 in: RESUMED
08-03 16:17:56.535 22861 22861 V ActivityScenario: Activity lifecycle changed event received but ignored because the intent does not match. startActivityIntent=Intent { act=android.intent.action.MAIN cat=[android.intent.category.LAUNCHER] cmp=com.example.dogglers/.MainActivity }, activity.getIntent()=Intent { act=android.intent.action.MAIN cat=[android.intent.category.LAUNCHER] flg=0x10000000 cmp=com.example.dogglers/androidx.test.core.app.InstrumentationActivityInvoker$EmptyActivity }, activity=androidx.test.core.app.InstrumentationActivityInvoker$EmptyActivity@56883b7
08-03 16:17:56.539  4556  7077 D InputTransport: Input channel constructed: '7bb57fa', fd=632
08-03 16:17:56.539  4556  7077 D InputTransport: Input channel constructed: '7bb57fa', fd=636
08-03 16:17:56.540  4233  5374 I SurfaceFlinger: id=32937 createSurf (0x0),-1 flag=80004, 7bb57fa com.example.dogglers/androidx.test.core.app.InstrumentationActivityInvoker$EmptyActivity#0
08-03 16:17:56.540  4556  7077 D WindowManager: isScreenshotDisabledLocked - win: Window{7bb57fa u0 com.example.dogglers/androidx.test.core.app.InstrumentationActivityInvoker$EmptyActivity}
08-03 16:17:56.540  4556  7077 D WindowManager: isScreenshotDisabledLocked: userId = 0, disabled =false
08-03 16:17:56.541  4556  7077 D InputTransport: Input channel destroyed: '7bb57fa', fd=636
08-03 16:17:56.541 22861 22861 D InputTransport: Input channel constructed: '7bb57fa', fd=85
08-03 16:17:56.543 22861 22861 I ViewRootImpl@fb47190[InstrumentationActivityInvoker$EmptyActivity]: setView = com.android.internal.policy.DecorView@2c4328d TM=true
08-03 16:17:56.545 22861 22861 D LifecycleMonitor: Lifecycle status change: androidx.test.core.app.InstrumentationActivityInvoker$EmptyActivity@56883b7 in: PAUSED
08-03 16:17:56.546 22861 22861 V ActivityScenario: Activity lifecycle changed event received but ignored because the intent does not match. startActivityIntent=Intent { act=android.intent.action.MAIN cat=[android.intent.category.LAUNCHER] cmp=com.example.dogglers/.MainActivity }, activity.getIntent()=Intent { act=android.intent.action.MAIN cat=[android.intent.category.LAUNCHER] flg=0x10000000 cmp=com.example.dogglers/androidx.test.core.app.InstrumentationActivityInvoker$EmptyActivity }, activity=androidx.test.core.app.InstrumentationActivityInvoker$EmptyActivity@56883b7
08-03 16:17:56.564  4556  7077 V WindowManager: Relayout Window{7bb57fa u0 com.example.dogglers/androidx.test.core.app.InstrumentationActivityInvoker$EmptyActivity}: viewVisibility=8 req=1080x2340
08-03 16:17:56.570  4143  4143 I Zygote  : Process 22357 exited due to signal 9 (Killed)
08-03 16:17:56.570  4556  7077 V WindowManager: Relayout hash=7bb57fa, pid=22861: mAttrs={(0,0)(fillxfill) sim={adjust=pan forwardNavigation} ty=BASE_APPLICATION wanim=0x1030001
08-03 16:17:56.570  4556  7077 V WindowManager:   fl=1810100
08-03 16:17:56.570  4556  7077 V WindowManager:   pfl=12020000
08-03 16:17:56.570  4556  7077 V WindowManager:   fitSides= naviIconColor=0}
08-03 16:17:56.571 22861 22861 I SurfaceControl: assignNativeObject: nativeObject = 0 Surface(name=null)/@0xfce6a89 / android.view.SurfaceControl.readFromParcel:1121 android.view.IWindowSession$Stub$Proxy.relayout:1814 android.view.ViewRootImpl.relayoutWindow:9005 android.view.ViewRootImpl.performTraversals:3360 android.view.ViewRootImpl.doTraversal:2618 android.view.ViewRootImpl$TraversalRunnable.run:9971 android.view.Choreographer$CallbackRecord.run:1010 android.view.Choreographer.doCallbacks:809 android.view.Choreographer.doFrame:744 android.view.Choreographer$FrameDisplayEventReceiver.run:995
08-03 16:17:56.572 22861 22861 I SurfaceControl: assignNativeObject: nativeObject = 0 Surface(name=null)/@0xe4f4a8e / android.view.SurfaceControl.readFromParcel:1121 android.view.IWindowSession$Stub$Proxy.relayout:1824 android.view.ViewRootImpl.relayoutWindow:9005 android.view.ViewRootImpl.performTraversals:3360 android.view.ViewRootImpl.doTraversal:2618 android.view.ViewRootImpl$TraversalRunnable.run:9971 android.view.Choreographer$CallbackRecord.run:1010 android.view.Choreographer.doCallbacks:809 android.view.Choreographer.doFrame:744 android.view.Choreographer$FrameDisplayEventReceiver.run:995
08-03 16:17:56.573 22861 22861 I ViewRootImpl@fb47190[InstrumentationActivityInvoker$EmptyActivity]: Relayout returned: old=(0,0,1080,2340) new=(0,0,1080,2340) req=(1080,2340)8 dur=8 res=0x1 s={false 0} ch=false fn=-1
08-03 16:17:56.574  4556  4616 I libprocessgroup: Successfully killed process cgroup uid 10085 pid 22357 in 60ms
08-03 16:17:56.580 22861 22861 I ViewRootImpl@fb47190[InstrumentationActivityInvoker$EmptyActivity]: stopped(true) old=false
08-03 16:17:56.581 22861 22861 D LifecycleMonitor: Lifecycle status change: androidx.test.core.app.InstrumentationActivityInvoker$EmptyActivity@56883b7 in: STOPPED
08-03 16:17:56.581 22861 22861 V ActivityScenario: Activity lifecycle changed event received but ignored because the intent does not match. startActivityIntent=Intent { act=android.intent.action.MAIN cat=[android.intent.category.LAUNCHER] cmp=com.example.dogglers/.MainActivity }, activity.getIntent()=Intent { act=android.intent.action.MAIN cat=[android.intent.category.LAUNCHER] flg=0x10000000 cmp=com.example.dogglers/androidx.test.core.app.InstrumentationActivityInvoker$EmptyActivity }, activity=androidx.test.core.app.InstrumentationActivityInvoker$EmptyActivity@56883b7
08-03 16:17:56.584  4287  4849 I CameraService: UidPolicy: No processes running for a uid=10085 disabled=0
08-03 16:17:56.584 22861 22861 D LifecycleMonitor: Lifecycle status change: com.example.dogglers.MainActivity@e19f544 in: DESTROYED
08-03 16:17:56.585 22861 22861 V ActivityScenario: Update currentActivityStage to DESTROYED, currentActivity=null
08-03 16:17:56.588 22861 22861 I ViewRootImpl@8e000f5[MainActivity]: dispatchDetachedFromWindow
08-03 16:17:56.589  4233  5374 I SurfaceFlinger: id=32938 createSurf (0x0),-1 flag=80004, ActivityRecord{6b8ec52 u0 com.example.dogglers/androidx.test.core.app.InstrumentationActivityInvoker$EmptyActivity t485}#0
08-03 16:17:56.593  4556  7068 D InputDispatcher: Focused application set to (0): 6b8ec52
08-03 16:17:56.598  4556  5303 D InputTransport: Input channel destroyed: '830620b', fd=422
08-03 16:17:56.598  4556  5303 I SurfaceControl: nativeRelease nativeObject s[543735106912]
08-03 16:17:56.598  4556  5303 I SurfaceControl: nativeRelease nativeObject e[543735106912]
08-03 16:17:56.598  4556  5303 D WindowManager: isScreenshotDisabledLocked - win: Window{830620b u0 com.example.dogglers/com.example.dogglers.MainActivity}
08-03 16:17:56.598  4556  5303 D WindowManager: isScreenshotDisabledLocked: userId = 0, disabled =false
08-03 16:17:56.599  4233  5374 I Layer   : id=32935 removeFromCurrentState 830620b com.example.dogglers/com.example.dogglers.MainActivity#0 (91)
08-03 16:17:56.600  4233  5374 I SurfaceFlinger: id=32935 Removed 830620b com.example.dogglers/com.example.dogglers.MainActivity#0 (91)
08-03 16:17:56.600 22861 22861 D InputTransport: Input channel destroyed: '830620b', fd=80
08-03 16:17:56.604  4556  5303 I SurfaceControl: nativeRelease nativeObject s[543735105376]
08-03 16:17:56.604  4556  5303 I SurfaceControl: nativeRelease nativeObject e[543735105376]
08-03 16:17:56.605  4233  5374 I Layer   : id=32934 removeFromCurrentState ActivityRecord{f10a917 u0 com.example.dogglers/.MainActivity t485}#0 (91)
08-03 16:17:56.606  4233  5374 I SurfaceFlinger: id=32934 Removed ActivityRecord{f10a917 u0 com.example.dogglers/.MainActivity t485}#0 (91)
08-03 16:17:56.609 20992 20992 I BSS_SysUiManager: handleMessage = 9, 3, 485
08-03 16:17:56.615  4233  4233 I Layer   : id=32934[1] Destroyed ActivityRecord{f10a917 u0 com.example.dogglers/.MainActivity t485}#0
08-03 16:17:56.616  4233  4233 I Layer   : id=32935[1] Destroyed 830620b com.example.dogglers/com.example.dogglers.MainActivity#0
08-03 16:17:56.617 22861 22861 D LifecycleMonitor: Lifecycle status change: androidx.test.core.app.InstrumentationActivityInvoker$EmptyActivity@2f9819a in: PRE_ON_CREATE
08-03 16:17:56.618 22861 22861 V ActivityScenario: Activity lifecycle changed event received but ignored because the intent does not match. startActivityIntent=Intent { act=android.intent.action.MAIN cat=[android.intent.category.LAUNCHER] cmp=com.example.dogglers/.MainActivity }, activity.getIntent()=Intent { act=android.intent.action.MAIN cat=[android.intent.category.LAUNCHER] flg=0x10000000 cmp=com.example.dogglers/androidx.test.core.app.InstrumentationActivityInvoker$EmptyActivity }, activity=androidx.test.core.app.InstrumentationActivityInvoker$EmptyActivity@2f9819a
08-03 16:17:56.624 22861 22861 I DecorView: [INFO] isPopOver=false, config=true
08-03 16:17:56.624 22861 22861 I DecorView: updateCaptionType >> DecorView@b9ce2a8[], isFloating=false, isApplication=true, hasWindowDecorCaption=false, hasWindowControllerCallback=true
08-03 16:17:56.624 22861 22861 D DecorView: setCaptionType = 0, this = DecorView@b9ce2a8[]
08-03 16:17:56.630 22861 22861 D LifecycleMonitor: Lifecycle status change: androidx.test.core.app.InstrumentationActivityInvoker$EmptyActivity@2f9819a in: CREATED
08-03 16:17:56.630 22861 22861 V ActivityScenario: Activity lifecycle changed event received but ignored because the intent does not match. startActivityIntent=Intent { act=android.intent.action.MAIN cat=[android.intent.category.LAUNCHER] cmp=com.example.dogglers/.MainActivity }, activity.getIntent()=Intent { act=android.intent.action.MAIN cat=[android.intent.category.LAUNCHER] flg=0x10000000 cmp=com.example.dogglers/androidx.test.core.app.InstrumentationActivityInvoker$EmptyActivity }, activity=androidx.test.core.app.InstrumentationActivityInvoker$EmptyActivity@2f9819a
08-03 16:17:56.634 22861 22861 D LifecycleMonitor: Lifecycle status change: androidx.test.core.app.InstrumentationActivityInvoker$EmptyActivity@2f9819a in: STARTED
08-03 16:17:56.635 22861 22861 V ActivityScenario: Activity lifecycle changed event received but ignored because the intent does not match. startActivityIntent=Intent { act=android.intent.action.MAIN cat=[android.intent.category.LAUNCHER] cmp=com.example.dogglers/.MainActivity }, activity.getIntent()=Intent { act=android.intent.action.MAIN cat=[android.intent.category.LAUNCHER] flg=0x10000000 cmp=com.example.dogglers/androidx.test.core.app.InstrumentationActivityInvoker$EmptyActivity }, activity=androidx.test.core.app.InstrumentationActivityInvoker$EmptyActivity@2f9819a
08-03 16:17:56.638 22861 22861 D LifecycleMonitor: Lifecycle status change: androidx.test.core.app.InstrumentationActivityInvoker$EmptyActivity@2f9819a in: RESUMED
08-03 16:17:56.639 22861 22861 V ActivityScenario: Activity lifecycle changed event received but ignored because the intent does not match. startActivityIntent=Intent { act=android.intent.action.MAIN cat=[android.intent.category.LAUNCHER] cmp=com.example.dogglers/.MainActivity }, activity.getIntent()=Intent { act=android.intent.action.MAIN cat=[android.intent.category.LAUNCHER] flg=0x10000000 cmp=com.example.dogglers/androidx.test.core.app.InstrumentationActivityInvoker$EmptyActivity }, activity=androidx.test.core.app.InstrumentationActivityInvoker$EmptyActivity@2f9819a
08-03 16:17:56.643  4556  5303 D InputTransport: Input channel constructed: '7e29695', fd=422
08-03 16:17:56.643  4556  5303 D InputTransport: Input channel constructed: '7e29695', fd=636
08-03 16:17:56.644  4233  4252 I SurfaceFlinger: id=32939 createSurf (0x0),-1 flag=80004, 7e29695 com.example.dogglers/androidx.test.core.app.InstrumentationActivityInvoker$EmptyActivity#0
08-03 16:17:56.644  4556  5303 D WindowManager: isScreenshotDisabledLocked - win: Window{7e29695 u0 com.example.dogglers/androidx.test.core.app.InstrumentationActivityInvoker$EmptyActivity}
08-03 16:17:56.644  4556  5303 D WindowManager: isScreenshotDisabledLocked: userId = 0, disabled =false
08-03 16:17:56.645  4556  5303 D InputTransport: Input channel destroyed: '7e29695', fd=636
08-03 16:17:56.645 22861 22861 D InputTransport: Input channel constructed: '7e29695', fd=84
08-03 16:17:56.647 22861 22861 I ViewRootImpl@f6bc8a7[InstrumentationActivityInvoker$EmptyActivity]: setView = com.android.internal.policy.DecorView@b9ce2a8 TM=true
08-03 16:17:56.648 20992 20992 I BSS_SysUiManager: handleMessage = 9, 1, 0
08-03 16:17:56.650 22861 22861 D LifecycleMonitor: Lifecycle status change: androidx.test.core.app.InstrumentationActivityInvoker$EmptyActivity@2f9819a in: PAUSED
08-03 16:17:56.650 22861 22861 V ActivityScenario: Activity lifecycle changed event received but ignored because the intent does not match. startActivityIntent=Intent { act=android.intent.action.MAIN cat=[android.intent.category.LAUNCHER] cmp=com.example.dogglers/.MainActivity }, activity.getIntent()=Intent { act=android.intent.action.MAIN cat=[android.intent.category.LAUNCHER] flg=0x10000000 cmp=com.example.dogglers/androidx.test.core.app.InstrumentationActivityInvoker$EmptyActivity }, activity=androidx.test.core.app.InstrumentationActivityInvoker$EmptyActivity@2f9819a
08-03 16:17:56.653 22861 22861 D LifecycleMonitor: Lifecycle status change: androidx.test.core.app.InstrumentationActivityInvoker$BootstrapActivity@2e8e081 in: DESTROYED
08-03 16:17:56.654 22861 22861 V ActivityScenario: Activity lifecycle changed event received but ignored because the intent does not match. startActivityIntent=Intent { act=android.intent.action.MAIN cat=[android.intent.category.LAUNCHER] cmp=com.example.dogglers/.MainActivity }, activity.getIntent()=Intent { act=android.intent.action.MAIN cat=[android.intent.category.LAUNCHER] flg=0x10008000 cmp=com.example.dogglers/androidx.test.core.app.InstrumentationActivityInvoker$BootstrapActivity (has extras) }, activity=androidx.test.core.app.InstrumentationActivityInvoker$BootstrapActivity@2e8e081
08-03 16:17:56.654  4556  7068 I SurfaceControl: nativeRelease nativeObject s[543735105568]
08-03 16:17:56.654  4556  7068 I SurfaceControl: nativeRelease nativeObject e[543735105568]
08-03 16:17:56.658  4233  4252 I Layer   : id=32933 removeFromCurrentState ActivityRecord{2613428 u0 com.example.dogglers/androidx.test.core.app.InstrumentationActivityInvoker$BootstrapActivity t485}#0 (90)
08-03 16:17:56.658  4233  4252 I SurfaceFlinger: id=32933 Removed ActivityRecord{2613428 u0 com.example.dogglers/androidx.test.core.app.InstrumentationActivityInvoker$BootstrapActivity t485}#0 (90)
08-03 16:17:56.663  4556  5303 V WindowManager: Relayout Window{7e29695 u0 com.example.dogglers/androidx.test.core.app.InstrumentationActivityInvoker$EmptyActivity}: viewVisibility=8 req=1080x2340
08-03 16:17:56.665  4233  4233 I Layer   : id=32933[1] Destroyed ActivityRecord{2613428 u0 com.example.dogglers/androidx.test.core.app.InstrumentationActivityInvoker$BootstrapActivity t485}#0
08-03 16:17:56.669  4556  5303 V WindowManager: Relayout hash=7e29695, pid=22861: mAttrs={(0,0)(fillxfill) sim={adjust=pan forwardNavigation} ty=BASE_APPLICATION wanim=0x1030001
08-03 16:17:56.669  4556  5303 V WindowManager:   fl=1810100
08-03 16:17:56.669  4556  5303 V WindowManager:   pfl=12020000
08-03 16:17:56.669  4556  5303 V WindowManager:   fitSides= naviIconColor=0}
08-03 16:17:56.670 22861 22861 I SurfaceControl: assignNativeObject: nativeObject = 0 Surface(name=null)/@0x318154 / android.view.SurfaceControl.readFromParcel:1121 android.view.IWindowSession$Stub$Proxy.relayout:1814 android.view.ViewRootImpl.relayoutWindow:9005 android.view.ViewRootImpl.performTraversals:3360 android.view.ViewRootImpl.doTraversal:2618 android.view.ViewRootImpl$TraversalRunnable.run:9971 android.view.Choreographer$CallbackRecord.run:1010 android.view.Choreographer.doCallbacks:809 android.view.Choreographer.doFrame:744 android.view.Choreographer$FrameDisplayEventReceiver.run:995
08-03 16:17:56.670 22861 22861 I SurfaceControl: assignNativeObject: nativeObject = 0 Surface(name=null)/@0x573d8fd / android.view.SurfaceControl.readFromParcel:1121 android.view.IWindowSession$Stub$Proxy.relayout:1824 android.view.ViewRootImpl.relayoutWindow:9005 android.view.ViewRootImpl.performTraversals:3360 android.view.ViewRootImpl.doTraversal:2618 android.view.ViewRootImpl$TraversalRunnable.run:9971 android.view.Choreographer$CallbackRecord.run:1010 android.view.Choreographer.doCallbacks:809 android.view.Choreographer.doFrame:744 android.view.Choreographer$FrameDisplayEventReceiver.run:995
08-03 16:17:56.671 22861 22861 I ViewRootImpl@f6bc8a7[InstrumentationActivityInvoker$EmptyActivity]: Relayout returned: old=(0,0,1080,2340) new=(0,0,1080,2340) req=(1080,2340)8 dur=7 res=0x1 s={false 0} ch=false fn=-1
08-03 16:17:56.674 22861 22861 I ViewRootImpl@f6bc8a7[InstrumentationActivityInvoker$EmptyActivity]: stopped(true) old=false
08-03 16:17:56.674 22861 22861 D LifecycleMonitor: Lifecycle status change: androidx.test.core.app.InstrumentationActivityInvoker$EmptyActivity@2f9819a in: STOPPED
08-03 16:17:56.675 22861 22861 V ActivityScenario: Activity lifecycle changed event received but ignored because the intent does not match. startActivityIntent=Intent { act=android.intent.action.MAIN cat=[android.intent.category.LAUNCHER] cmp=com.example.dogglers/.MainActivity }, activity.getIntent()=Intent { act=android.intent.action.MAIN cat=[android.intent.category.LAUNCHER] flg=0x10000000 cmp=com.example.dogglers/androidx.test.core.app.InstrumentationActivityInvoker$EmptyActivity }, activity=androidx.test.core.app.InstrumentationActivityInvoker$EmptyActivity@2f9819a
08-03 16:17:56.695  4556  4630 D FastTrack: setFastTrackState: pid = 22861 ;tid= 22861 ;value= 0
08-03 16:17:56.695  4556  4630 D FastTrack: setFastTrackState: pid = 22861 ;tid= 22994 ;value= 0
08-03 16:17:56.697  4556  4605 D SehCodecSolutionService: Update top [com.example.dogglers]
08-03 16:17:56.701  4556  7068 D InputDispatcher: Focused application set to (0): df42e3b
08-03 16:17:56.707 20992 20992 I BSS_SysUiManager: handleMessage = 9, 3, 189
08-03 16:17:56.707 20992 20992 I BSS_SysUiManager: handleMessage = 9, 4, 485
08-03 16:17:56.707 20992 20992 I BSS_SysUiManager: handleMessage = 9, 4, 189
08-03 16:17:56.709 22861 22861 D LifecycleMonitor: Lifecycle status change: androidx.test.core.app.InstrumentationActivityInvoker$EmptyActivity@56883b7 in: DESTROYED
08-03 16:17:56.710 22861 22861 V ActivityScenario: Activity lifecycle changed event received but ignored because the intent does not match. startActivityIntent=Intent { act=android.intent.action.MAIN cat=[android.intent.category.LAUNCHER] cmp=com.example.dogglers/.MainActivity }, activity.getIntent()=Intent { act=android.intent.action.MAIN cat=[android.intent.category.LAUNCHER] flg=0x10000000 cmp=com.example.dogglers/androidx.test.core.app.InstrumentationActivityInvoker$EmptyActivity }, activity=androidx.test.core.app.InstrumentationActivityInvoker$EmptyActivity@56883b7
08-03 16:17:56.711 22861 22861 I ViewRootImpl@fb47190[InstrumentationActivityInvoker$EmptyActivity]: dispatchDetachedFromWindow
08-03 16:17:56.711  4556  7068 D InputTransport: Input channel destroyed: '7bb57fa', fd=632
08-03 16:17:56.711  4556  7068 I SurfaceControl: nativeRelease nativeObject s[543629609568]
08-03 16:17:56.711  4556  7068 I SurfaceControl: nativeRelease nativeObject e[543629609568]
08-03 16:17:56.711  4556  7068 D WindowManager: isScreenshotDisabledLocked - win: Window{7bb57fa u0 com.example.dogglers/androidx.test.core.app.InstrumentationActivityInvoker$EmptyActivity}
08-03 16:17:56.711  4556  7068 D WindowManager: isScreenshotDisabledLocked: userId = 0, disabled =false
08-03 16:17:56.713  4233  5374 I Layer   : id=32937 removeFromCurrentState 7bb57fa com.example.dogglers/androidx.test.core.app.InstrumentationActivityInvoker$EmptyActivity#0 (89)
08-03 16:17:56.714  4233  5374 I SurfaceFlinger: id=32937 Removed 7bb57fa com.example.dogglers/androidx.test.core.app.InstrumentationActivityInvoker$EmptyActivity#0 (89)
08-03 16:17:56.714 22861 22861 D InputTransport: Input channel destroyed: '7bb57fa', fd=85
08-03 16:17:56.716  4556  6734 I SurfaceControl: nativeRelease nativeObject s[543485373568]
08-03 16:17:56.716  4556  6734 I SurfaceControl: nativeRelease nativeObject e[543485373568]
08-03 16:17:56.718 22861 22861 D LifecycleMonitor: Lifecycle status change: androidx.test.core.app.InstrumentationActivityInvoker$EmptyActivity@2f9819a in: DESTROYED
08-03 16:17:56.718 22861 22861 V ActivityScenario: Activity lifecycle changed event received but ignored because the intent does not match. startActivityIntent=Intent { act=android.intent.action.MAIN cat=[android.intent.category.LAUNCHER] cmp=com.example.dogglers/.MainActivity }, activity.getIntent()=Intent { act=android.intent.action.MAIN cat=[android.intent.category.LAUNCHER] flg=0x10000000 cmp=com.example.dogglers/androidx.test.core.app.InstrumentationActivityInvoker$EmptyActivity }, activity=androidx.test.core.app.InstrumentationActivityInvoker$EmptyActivity@2f9819a
08-03 16:17:56.719 22861 22861 I ViewRootImpl@f6bc8a7[InstrumentationActivityInvoker$EmptyActivity]: dispatchDetachedFromWindow
08-03 16:17:56.720  4556  6734 D InputTransport: Input channel destroyed: '7e29695', fd=422
08-03 16:17:56.720  4556  6734 I SurfaceControl: nativeRelease nativeObject s[543483857984]
08-03 16:17:56.720  4556  6734 I SurfaceControl: nativeRelease nativeObject e[543483857984]
08-03 16:17:56.720  4556  6734 D WindowManager: isScreenshotDisabledLocked - win: Window{7e29695 u0 com.example.dogglers/androidx.test.core.app.InstrumentationActivityInvoker$EmptyActivity}
08-03 16:17:56.720  4556  6734 D WindowManager: isScreenshotDisabledLocked: userId = 0, disabled =false
08-03 16:17:56.722  4233  5374 I Layer   : id=32936 removeFromCurrentState ActivityRecord{e56af33 u0 com.example.dogglers/androidx.test.core.app.InstrumentationActivityInvoker$EmptyActivity t485}#0 (89)
08-03 16:17:56.722  4233  5374 I Layer   : id=32939 removeFromCurrentState 7e29695 com.example.dogglers/androidx.test.core.app.InstrumentationActivityInvoker$EmptyActivity#0 (89)
08-03 16:17:56.722  4233  5374 I SurfaceFlinger: id=32936 Removed ActivityRecord{e56af33 u0 com.example.dogglers/androidx.test.core.app.InstrumentationActivityInvoker$EmptyActivity t485}#0 (89)
08-03 16:17:56.722  4233  4252 I SurfaceFlinger: id=32939 Removed 7e29695 com.example.dogglers/androidx.test.core.app.InstrumentationActivityInvoker$EmptyActivity#0 (89)
08-03 16:17:56.722 22861 22861 D InputTransport: Input channel destroyed: '7e29695', fd=84
08-03 16:17:56.724  4556  6734 I SurfaceControl: nativeRelease nativeObject s[541397974240]
08-03 16:17:56.724  4556  6734 I SurfaceControl: nativeRelease nativeObject e[541397974240]
08-03 16:17:56.724  4556  6734 I SurfaceControl: nativeRelease nativeObject s[543735096448]
08-03 16:17:56.724  4556  6734 I SurfaceControl: nativeRelease nativeObject e[543735096448]
08-03 16:17:56.726 22861 22986 E TestRunner: failed: grid_list_button_is_displayed(com.example.dogglers.ButtonTests)
08-03 16:17:56.726 22861 22986 E TestRunner: ----- begin exception -----
08-03 16:17:56.727  4233  4252 I Layer   : id=32938 removeFromCurrentState ActivityRecord{6b8ec52 u0 com.example.dogglers/androidx.test.core.app.InstrumentationActivityInvoker$EmptyActivity t485}#0 (89)
08-03 16:17:56.727  4233  4252 I Layer   : id=32932 removeFromCurrentState Task=485#0 (89)
08-03 16:17:56.729 22861 22986 E TestRunner: androidx.test.espresso.NoActivityResumedException: No activities in stage RESUMED. Did you forget to launch the activity. (test.getActivity() or similar)?
08-03 16:17:56.729 22861 22986 E TestRunner: 	at dalvik.system.VMStack.getThreadStackTrace(Native Method)
08-03 16:17:56.729 22861 22986 E TestRunner: 	at java.lang.Thread.getStackTrace(Thread.java:1736)
08-03 16:17:56.729 22861 22986 E TestRunner: 	at androidx.test.espresso.base.DefaultFailureHandler.getUserFriendlyError(DefaultFailureHandler.java:12)
08-03 16:17:56.729 22861 22986 E TestRunner: 	at androidx.test.espresso.base.DefaultFailureHandler.handle(DefaultFailureHandler.java:7)
08-03 16:17:56.729 22861 22986 E TestRunner: 	at androidx.test.espresso.ViewInteraction.waitForAndHandleInteractionResults(ViewInteraction.java:8)
08-03 16:17:56.729 22861 22986 E TestRunner: 	at androidx.test.espresso.ViewInteraction.check(ViewInteraction.java:12)
08-03 16:17:56.729 22861 22986 E TestRunner: 	at com.example.dogglers.ButtonTests.grid_list_button_is_displayed(ButtonTests.kt:49)
08-03 16:17:56.729 22861 22986 E TestRunner: 	at java.lang.reflect.Method.invoke(Native Method)
08-03 16:17:56.729 22861 22986 E TestRunner: 	at org.junit.runners.model.FrameworkMethod$1.runReflectiveCall(FrameworkMethod.java:50)
08-03 16:17:56.729 22861 22986 E TestRunner: 	at org.junit.internal.runners.model.ReflectiveCallable.run(ReflectiveCallable.java:12)
08-03 16:17:56.729 22861 22986 E TestRunner: 	at org.junit.runners.model.FrameworkMethod.invokeExplosively(FrameworkMethod.java:47)
08-03 16:17:56.729 22861 22986 E TestRunner: 	at org.junit.internal.runners.statements.InvokeMethod.evaluate(InvokeMethod.java:17)
08-03 16:17:56.729 22861 22986 E TestRunner: 	at org.junit.rules.ExternalResource$1.evaluate(ExternalResource.java:48)
08-03 16:17:56.729 22861 22986 E TestRunner: 	at org.junit.rules.RunRules.evaluate(RunRules.java:20)
08-03 16:17:56.729 22861 22986 E TestRunner: 	at org.junit.runners.ParentRunner.runLeaf(ParentRunner.java:325)
08-03 16:17:56.729 22861 22986 E TestRunner: 	at org.junit.runners.BlockJUnit4ClassRunner.runChild(BlockJUnit4ClassRunner.java:78)
08-03 16:17:56.729 22861 22986 E TestRunner: 	at org.junit.runners.BlockJUnit4ClassRunner.runChild(BlockJUnit4ClassRunner.java:57)
08-03 16:17:56.729 22861 22986 E TestRunner: 	at org.junit.runners.ParentRunner$3.run(ParentRunner.java:290)
08-03 16:17:56.729 22861 22986 E TestRunner: 	at org.junit.runners.ParentRunner$1.schedule(ParentRunner.java:71)
08-03 16:17:56.729 22861 22986 E TestRunner: 	at org.junit.runners.ParentRunner.runChildren(ParentRunner.java:288)
08-03 16:17:56.729 22861 22986 E TestRunner: 	at org.junit.runners.ParentRunner.access$000(ParentRunner.java:58)
08-03 16:17:56.729 22861 22986 E TestRunner: 	at org.junit.runners.ParentRunner$2.evaluate(ParentRunner.java:268)
08-03 16:17:56.729 22861 22986 E TestRunner: 	at org.junit.runners.ParentRunner.run(ParentRunner.java:363)
08-03 16:17:56.729 22861 22986 E TestRunner: 	at androidx.test.ext.junit.runners.AndroidJUnit4.run(AndroidJUnit4.java:162)
08-03 16:17:56.729 22861 22986 E TestRunner: 	at org.junit.runners.Suite.runChild(Suite.java:128)
08-03 16:17:56.729 22861 22986 E TestRunner: 	at org.junit.runners.Suite.runChild(Suite.java:27)
08-03 16:17:56.729 22861 22986 E TestRunner: 	at org.junit.runners.ParentRunner$3.run(ParentRunner.java:290)
08-03 16:17:56.729 22861 22986 E TestRunner: 	at org.junit.runners.ParentRunner$1.schedule(ParentRunner.java:71)
08-03 16:17:56.729 22861 22986 E TestRunner: 	at org.junit.runners.ParentRunner.runChildren(ParentRunner.java:288)
08-03 16:17:56.729 22861 22986 E TestRunner: 	at org.junit.runners.ParentRunner.access$000(ParentRunner.java:58)
08-03 16:17:56.729 22861 22986 E TestRunner: 	at org.junit.runners.ParentRunner$2.evaluate(ParentRunner.java:268)
08-03 16:17:56.729 22861 22986 E TestRunner: 	at org.junit.runners.ParentRunner.run(ParentRunner.java:363)
08-03 16:17:56.729 22861 22986 E TestRunner: 	at org.junit.runner.JUnitCore.run(JUnitCore.java:137)
08-03 16:17:56.729 22861 22986 E TestRunner: 	at org.junit.runner.JUnitCore.run(JUnitCore.java:115)
08-03 16:17:56.729 22861 22986 E TestRunner: 	at androidx.test.internal.runner.TestExecutor.execute(TestExecutor.java:56)
08-03 16:17:56.729 22861 22986 E TestRunner: 	at androidx.test.runner.AndroidJUnitRunner.onStart(AndroidJUnitRunner.java:444)
08-03 16:17:56.729 22861 22986 E TestRunner: 	at android.app.Instrumentation$InstrumentationThread.run(Instrumentation.java:2218)
08-03 16:17:56.729 22861 22986 E TestRunner: ----- end exception -----
08-03 16:17:56.730  4233  4252 I SurfaceFlinger: id=32938 Removed ActivityRecord{6b8ec52 u0 com.example.dogglers/androidx.test.core.app.InstrumentationActivityInvoker$EmptyActivity t485}#0 (89)
08-03 16:17:56.730  4233  5374 I SurfaceFlinger: id=32932 Removed Task=485#0 (89)
08-03 16:17:56.730  4233  4233 I Layer   : id=32937[1] Destroyed 7bb57fa com.example.dogglers/androidx.test.core.app.InstrumentationActivityInvoker$EmptyActivity#0
08-03 16:17:56.730  4233  4233 I Layer   : id=32932[1] Destroyed Task=485#0
08-03 16:17:56.730  4233  4233 I Layer   : id=32936[1] Destroyed ActivityRecord{e56af33 u0 com.example.dogglers/androidx.test.core.app.InstrumentationActivityInvoker$EmptyActivity t485}#0
08-03 16:17:56.730  4233  4233 I Layer   : id=32938[1] Destroyed ActivityRecord{6b8ec52 u0 com.example.dogglers/androidx.test.core.app.InstrumentationActivityInvoker$EmptyActivity t485}#0
08-03 16:17:56.730  4233  4233 I Layer   : id=32939[1] Destroyed 7e29695 com.example.dogglers/androidx.test.core.app.InstrumentationActivityInvoker$EmptyActivity#0
08-03 16:17:56.735 20992 20992 I BSS_SysUiManager: handleMessage = 9, 2, 485
08-03 16:17:56.735 20992 20992 I BSS_SysUiManager: handleMessage = 9, 2, 485
08-03 16:17:56.738 22861 22986 I TestRunner: finished: grid_list_button_is_displayed(com.example.dogglers.ButtonTests)
