08-03 16:18:29.718  4556  4630 D FastTrack: setFastTrackState: pid = 22861 ;tid= 22994 ;value= 1
08-03 16:18:29.719 20992 20992 I BSS_SysUiManager: handleMessage = 9, 3, 486
08-03 16:18:29.719  4556  4605 D SehCodecSolutionService: Update top [com.example.dogglers]
08-03 16:18:29.722 22861 22861 D LifecycleMonitor: Lifecycle status change: androidx.test.core.app.InstrumentationActivityInvoker$EmptyActivity@5b1a8a4 in: PRE_ON_CREATE
08-03 16:18:29.723 22861 22861 V ActivityScenario: Activity lifecycle changed event received but ignored because the intent does not match. startActivityIntent=Intent { act=android.intent.action.MAIN cat=[android.intent.category.LAUNCHER] cmp=com.example.dogglers/.MainActivity }, activity.getIntent()=Intent { act=android.intent.action.MAIN cat=[android.intent.category.LAUNCHER] flg=0x10000000 cmp=com.example.dogglers/androidx.test.core.app.InstrumentationActivityInvoker$EmptyActivity }, activity=androidx.test.core.app.InstrumentationActivityInvoker$EmptyActivity@5b1a8a4
08-03 16:18:29.730 22861 22861 I DecorView: [INFO] isPopOver=false, config=true
08-03 16:18:29.730 22861 22861 I DecorView: updateCaptionType >> DecorView@8f4e9c2[], isFloating=false, isApplication=true, hasWindowDecorCaption=false, hasWindowControllerCallback=true
08-03 16:18:29.730 22861 22861 D DecorView: setCaptionType = 0, this = DecorView@8f4e9c2[]
08-03 16:18:29.736 22861 22861 D LifecycleMonitor: Lifecycle status change: androidx.test.core.app.InstrumentationActivityInvoker$EmptyActivity@5b1a8a4 in: CREATED
08-03 16:18:29.736 22861 22861 V ActivityScenario: Activity lifecycle changed event received but ignored because the intent does not match. startActivityIntent=Intent { act=android.intent.action.MAIN cat=[android.intent.category.LAUNCHER] cmp=com.example.dogglers/.MainActivity }, activity.getIntent()=Intent { act=android.intent.action.MAIN cat=[android.intent.category.LAUNCHER] flg=0x10000000 cmp=com.example.dogglers/androidx.test.core.app.InstrumentationActivityInvoker$EmptyActivity }, activity=androidx.test.core.app.InstrumentationActivityInvoker$EmptyActivity@5b1a8a4
08-03 16:18:29.738 22861 22861 D LifecycleMonitor: Lifecycle status change: androidx.test.core.app.InstrumentationActivityInvoker$EmptyActivity@5b1a8a4 in: STARTED
08-03 16:18:29.739 22861 22861 V ActivityScenario: Activity lifecycle changed event received but ignored because the intent does not match. startActivityIntent=Intent { act=android.intent.action.MAIN cat=[android.intent.category.LAUNCHER] cmp=com.example.dogglers/.MainActivity }, activity.getIntent()=Intent { act=android.intent.action.MAIN cat=[android.intent.category.LAUNCHER] flg=0x10000000 cmp=com.example.dogglers/androidx.test.core.app.InstrumentationActivityInvoker$EmptyActivity }, activity=androidx.test.core.app.InstrumentationActivityInvoker$EmptyActivity@5b1a8a4
08-03 16:18:29.744 22861 22861 D LifecycleMonitor: Lifecycle status change: androidx.test.core.app.InstrumentationActivityInvoker$EmptyActivity@5b1a8a4 in: RESUMED
08-03 16:18:29.744 22861 22861 V ActivityScenario: Activity lifecycle changed event received but ignored because the intent does not match. startActivityIntent=Intent { act=android.intent.action.MAIN cat=[android.intent.category.LAUNCHER] cmp=com.example.dogglers/.MainActivity }, activity.getIntent()=Intent { act=android.intent.action.MAIN cat=[android.intent.category.LAUNCHER] flg=0x10000000 cmp=com.example.dogglers/androidx.test.core.app.InstrumentationActivityInvoker$EmptyActivity }, activity=androidx.test.core.app.InstrumentationActivityInvoker$EmptyActivity@5b1a8a4
08-03 16:18:29.750  4556  5303 D InputTransport: Input channel constructed: '8a0bf9c', fd=486
08-03 16:18:29.750  4556  5303 D InputTransport: Input channel constructed: '8a0bf9c', fd=498
08-03 16:18:29.751  4233  4252 I SurfaceFlinger: id=32945 createSurf (0x0),-1 flag=80004, 8a0bf9c com.example.dogglers/androidx.test.core.app.InstrumentationActivityInvoker$EmptyActivity#0
08-03 16:18:29.751  4556  5303 D WindowManager: isScreenshotDisabledLocked - win: Window{8a0bf9c u0 com.example.dogglers/androidx.test.core.app.InstrumentationActivityInvoker$EmptyActivity}
08-03 16:18:29.751  4556  5303 D WindowManager: isScreenshotDisabledLocked: userId = 0, disabled =false
08-03 16:18:29.752  4556  5303 D InputTransport: Input channel destroyed: '8a0bf9c', fd=498
08-03 16:18:29.752 22861 22861 D InputTransport: Input channel constructed: '8a0bf9c', fd=85
08-03 16:18:29.755 22861 22861 I ViewRootImpl@b91e609[InstrumentationActivityInvoker$EmptyActivity]: setView = com.android.internal.policy.DecorView@8f4e9c2 TM=true
08-03 16:18:29.757 22861 22861 D LifecycleMonitor: Lifecycle status change: androidx.test.core.app.InstrumentationActivityInvoker$EmptyActivity@5b1a8a4 in: PAUSED
08-03 16:18:29.758 22861 22861 V ActivityScenario: Activity lifecycle changed event received but ignored because the intent does not match. startActivityIntent=Intent { act=android.intent.action.MAIN cat=[android.intent.category.LAUNCHER] cmp=com.example.dogglers/.MainActivity }, activity.getIntent()=Intent { act=android.intent.action.MAIN cat=[android.intent.category.LAUNCHER] flg=0x10000000 cmp=com.example.dogglers/androidx.test.core.app.InstrumentationActivityInvoker$EmptyActivity }, activity=androidx.test.core.app.InstrumentationActivityInvoker$EmptyActivity@5b1a8a4
08-03 16:18:29.770  4556  7068 V WindowManager: Relayout Window{8a0bf9c u0 com.example.dogglers/androidx.test.core.app.InstrumentationActivityInvoker$EmptyActivity}: viewVisibility=8 req=1080x2340
08-03 16:18:29.775  4556  7068 V WindowManager: Relayout hash=8a0bf9c, pid=22861: mAttrs={(0,0)(fillxfill) sim={adjust=pan forwardNavigation} ty=BASE_APPLICATION wanim=0x1030001
08-03 16:18:29.775  4556  7068 V WindowManager:   fl=1810100
08-03 16:18:29.775  4556  7068 V WindowManager:   pfl=12020000
08-03 16:18:29.775  4556  7068 V WindowManager:   fitSides= naviIconColor=0}
08-03 16:18:29.776 22861 22861 I SurfaceControl: assignNativeObject: nativeObject = 0 Surface(name=null)/@0x52be00e / android.view.SurfaceControl.readFromParcel:1121 android.view.IWindowSession$Stub$Proxy.relayout:1814 android.view.ViewRootImpl.relayoutWindow:9005 android.view.ViewRootImpl.performTraversals:3360 android.view.ViewRootImpl.doTraversal:2618 android.view.ViewRootImpl$TraversalRunnable.run:9971 android.view.Choreographer$CallbackRecord.run:1010 android.view.Choreographer.doCallbacks:809 android.view.Choreographer.doFrame:744 android.view.Choreographer$FrameDisplayEventReceiver.run:995
08-03 16:18:29.777 22861 22861 I SurfaceControl: assignNativeObject: nativeObject = 0 Surface(name=null)/@0xac6da2f / android.view.SurfaceControl.readFromParcel:1121 android.view.IWindowSession$Stub$Proxy.relayout:1824 android.view.ViewRootImpl.relayoutWindow:9005 android.view.ViewRootImpl.performTraversals:3360 android.view.ViewRootImpl.doTraversal:2618 android.view.ViewRootImpl$TraversalRunnable.run:9971 android.view.Choreographer$CallbackRecord.run:1010 android.view.Choreographer.doCallbacks:809 android.view.Choreographer.doFrame:744 android.view.Choreographer$FrameDisplayEventReceiver.run:995
08-03 16:18:29.778 22861 22861 I ViewRootImpl@b91e609[InstrumentationActivityInvoker$EmptyActivity]: Relayout returned: old=(0,0,1080,2340) new=(0,0,1080,2340) req=(1080,2340)8 dur=8 res=0x1 s={false 0} ch=false fn=-1
08-03 16:18:29.781 22861 22861 I ViewRootImpl@b91e609[InstrumentationActivityInvoker$EmptyActivity]: stopped(true) old=false
08-03 16:18:29.781 22861 22861 D LifecycleMonitor: Lifecycle status change: androidx.test.core.app.InstrumentationActivityInvoker$EmptyActivity@5b1a8a4 in: STOPPED
08-03 16:18:29.782 22861 22861 V ActivityScenario: Activity lifecycle changed event received but ignored because the intent does not match. startActivityIntent=Intent { act=android.intent.action.MAIN cat=[android.intent.category.LAUNCHER] cmp=com.example.dogglers/.MainActivity }, activity.getIntent()=Intent { act=android.intent.action.MAIN cat=[android.intent.category.LAUNCHER] flg=0x10000000 cmp=com.example.dogglers/androidx.test.core.app.InstrumentationActivityInvoker$EmptyActivity }, activity=androidx.test.core.app.InstrumentationActivityInvoker$EmptyActivity@5b1a8a4
08-03 16:18:29.791  4233  5374 I SurfaceFlinger: id=32946 createSurf (0x0),-1 flag=80004, ActivityRecord{e6b6634 u0 com.example.dogglers/androidx.test.core.app.InstrumentationActivityInvoker$EmptyActivity t486}#0
08-03 16:18:29.796  4556  6734 D InputDispatcher: Focused application set to (0): e6b6634
08-03 16:18:29.805 22861 22861 D LifecycleMonitor: Lifecycle status change: com.example.dogglers.MainActivity@f2245d8 in: DESTROYED
08-03 16:18:29.806 22861 22861 V ActivityScenario: Update currentActivityStage to DESTROYED, currentActivity=null
08-03 16:18:29.807 20992 20992 I BSS_SysUiManager: handleMessage = 9, 3, 486
08-03 16:18:29.808 22861 22861 I ViewRootImpl@7b404e5[MainActivity]: dispatchDetachedFromWindow
08-03 16:18:29.809  4556  6734 D InputTransport: Input channel destroyed: '4fea05f', fd=422
08-03 16:18:29.809  4556  6734 I SurfaceControl: nativeRelease nativeObject s[543485376544]
08-03 16:18:29.809  4556  6734 I SurfaceControl: nativeRelease nativeObject e[543485376544]
08-03 16:18:29.809  4556  6734 D WindowManager: isScreenshotDisabledLocked - win: Window{4fea05f u0 com.example.dogglers/com.example.dogglers.MainActivity}
08-03 16:18:29.809  4556  6734 D WindowManager: isScreenshotDisabledLocked: userId = 0, disabled =false
08-03 16:18:29.810  4233  5374 I Layer   : id=32943 removeFromCurrentState 4fea05f com.example.dogglers/com.example.dogglers.MainActivity#0 (91)
08-03 16:18:29.811  4233  5374 I SurfaceFlinger: id=32943 Removed 4fea05f com.example.dogglers/com.example.dogglers.MainActivity#0 (91)
08-03 16:18:29.811 22861 22861 D InputTransport: Input channel destroyed: '4fea05f', fd=84
08-03 16:18:29.812  4556  6734 I SurfaceControl: nativeRelease nativeObject s[543483857984]
08-03 16:18:29.812  4556  6734 I SurfaceControl: nativeRelease nativeObject e[543483857984]
08-03 16:18:29.814  4354  4813 I bauth_FPBAuthService: pcf : 0x1012, 0 ,1 ,0 ,0 ,0 ,0, 5.1.0.0
08-03 16:18:29.815  4354  4813 I bauth_FPBAuthService: thread id : 1, preenroll_flag : 0, nd cnt : 0, cso : 0, et : 0
08-03 16:18:29.815  4354  4813 I bauth_FPBAuthService: FPBAuthService, 11607
08-03 16:18:29.820 22861 22861 D LifecycleMonitor: Lifecycle status change: androidx.test.core.app.InstrumentationActivityInvoker$EmptyActivity@2f0ea4b in: PRE_ON_CREATE
08-03 16:18:29.821 22861 22861 V ActivityScenario: Activity lifecycle changed event received but ignored because the intent does not match. startActivityIntent=Intent { act=android.intent.action.MAIN cat=[android.intent.category.LAUNCHER] cmp=com.example.dogglers/.MainActivity }, activity.getIntent()=Intent { act=android.intent.action.MAIN cat=[android.intent.category.LAUNCHER] flg=0x10000000 cmp=com.example.dogglers/androidx.test.core.app.InstrumentationActivityInvoker$EmptyActivity }, activity=androidx.test.core.app.InstrumentationActivityInvoker$EmptyActivity@2f0ea4b
08-03 16:18:29.824  4233  4233 I Layer   : id=32943[1] Destroyed 4fea05f com.example.dogglers/com.example.dogglers.MainActivity#0
08-03 16:18:29.825  4233  5374 I Layer   : id=32942 removeFromCurrentState ActivityRecord{c639703 u0 com.example.dogglers/.MainActivity t486}#0 (90)
08-03 16:18:29.825  4233  5374 I SurfaceFlinger: id=32942 Removed ActivityRecord{c639703 u0 com.example.dogglers/.MainActivity t486}#0 (90)
08-03 16:18:29.830 22861 22861 I DecorView: [INFO] isPopOver=false, config=true
08-03 16:18:29.830 22861 22861 I DecorView: updateCaptionType >> DecorView@f134d41[], isFloating=false, isApplication=true, hasWindowDecorCaption=false, hasWindowControllerCallback=true
08-03 16:18:29.830 22861 22861 D DecorView: setCaptionType = 0, this = DecorView@f134d41[]
08-03 16:18:29.835 22861 22861 D LifecycleMonitor: Lifecycle status change: androidx.test.core.app.InstrumentationActivityInvoker$EmptyActivity@2f0ea4b in: CREATED
08-03 16:18:29.836 22861 22861 V ActivityScenario: Activity lifecycle changed event received but ignored because the intent does not match. startActivityIntent=Intent { act=android.intent.action.MAIN cat=[android.intent.category.LAUNCHER] cmp=com.example.dogglers/.MainActivity }, activity.getIntent()=Intent { act=android.intent.action.MAIN cat=[android.intent.category.LAUNCHER] flg=0x10000000 cmp=com.example.dogglers/androidx.test.core.app.InstrumentationActivityInvoker$EmptyActivity }, activity=androidx.test.core.app.InstrumentationActivityInvoker$EmptyActivity@2f0ea4b
08-03 16:18:29.838 22861 22861 D LifecycleMonitor: Lifecycle status change: androidx.test.core.app.InstrumentationActivityInvoker$EmptyActivity@2f0ea4b in: STARTED
08-03 16:18:29.838 22861 22861 V ActivityScenario: Activity lifecycle changed event received but ignored because the intent does not match. startActivityIntent=Intent { act=android.intent.action.MAIN cat=[android.intent.category.LAUNCHER] cmp=com.example.dogglers/.MainActivity }, activity.getIntent()=Intent { act=android.intent.action.MAIN cat=[android.intent.category.LAUNCHER] flg=0x10000000 cmp=com.example.dogglers/androidx.test.core.app.InstrumentationActivityInvoker$EmptyActivity }, activity=androidx.test.core.app.InstrumentationActivityInvoker$EmptyActivity@2f0ea4b
08-03 16:18:29.840 22861 22861 D LifecycleMonitor: Lifecycle status change: androidx.test.core.app.InstrumentationActivityInvoker$EmptyActivity@2f0ea4b in: RESUMED
08-03 16:18:29.840 22861 22861 V ActivityScenario: Activity lifecycle changed event received but ignored because the intent does not match. startActivityIntent=Intent { act=android.intent.action.MAIN cat=[android.intent.category.LAUNCHER] cmp=com.example.dogglers/.MainActivity }, activity.getIntent()=Intent { act=android.intent.action.MAIN cat=[android.intent.category.LAUNCHER] flg=0x10000000 cmp=com.example.dogglers/androidx.test.core.app.InstrumentationActivityInvoker$EmptyActivity }, activity=androidx.test.core.app.InstrumentationActivityInvoker$EmptyActivity@2f0ea4b
08-03 16:18:29.840  4233  4233 I Layer   : id=32942[1] Destroyed ActivityRecord{c639703 u0 com.example.dogglers/.MainActivity t486}#0
08-03 16:18:29.845  4556  5303 D InputTransport: Input channel constructed: 'dad3dff', fd=498
08-03 16:18:29.845  4556  5303 D InputTransport: Input channel constructed: 'dad3dff', fd=606
08-03 16:18:29.845  4233  4252 I SurfaceFlinger: id=32947 createSurf (0x0),-1 flag=80004, dad3dff com.example.dogglers/androidx.test.core.app.InstrumentationActivityInvoker$EmptyActivity#0
08-03 16:18:29.846  4556  5303 D WindowManager: isScreenshotDisabledLocked - win: Window{dad3dff u0 com.example.dogglers/androidx.test.core.app.InstrumentationActivityInvoker$EmptyActivity}
08-03 16:18:29.846  4556  5303 D WindowManager: isScreenshotDisabledLocked: userId = 0, disabled =false
08-03 16:18:29.846  4556  5303 D InputTransport: Input channel destroyed: 'dad3dff', fd=606
08-03 16:18:29.847 22861 22861 D InputTransport: Input channel constructed: 'dad3dff', fd=84
08-03 16:18:29.848 22861 22861 I ViewRootImpl@52282d4[InstrumentationActivityInvoker$EmptyActivity]: setView = com.android.internal.policy.DecorView@f134d41 TM=true
08-03 16:18:29.850 22861 22861 D LifecycleMonitor: Lifecycle status change: androidx.test.core.app.InstrumentationActivityInvoker$EmptyActivity@2f0ea4b in: PAUSED
08-03 16:18:29.851 22861 22861 V ActivityScenario: Activity lifecycle changed event received but ignored because the intent does not match. startActivityIntent=Intent { act=android.intent.action.MAIN cat=[android.intent.category.LAUNCHER] cmp=com.example.dogglers/.MainActivity }, activity.getIntent()=Intent { act=android.intent.action.MAIN cat=[android.intent.category.LAUNCHER] flg=0x10000000 cmp=com.example.dogglers/androidx.test.core.app.InstrumentationActivityInvoker$EmptyActivity }, activity=androidx.test.core.app.InstrumentationActivityInvoker$EmptyActivity@2f0ea4b
08-03 16:18:29.853 22861 22861 D LifecycleMonitor: Lifecycle status change: androidx.test.core.app.InstrumentationActivityInvoker$BootstrapActivity@7aa07f9 in: DESTROYED
08-03 16:18:29.854 22861 22861 V ActivityScenario: Activity lifecycle changed event received but ignored because the intent does not match. startActivityIntent=Intent { act=android.intent.action.MAIN cat=[android.intent.category.LAUNCHER] cmp=com.example.dogglers/.MainActivity }, activity.getIntent()=Intent { act=android.intent.action.MAIN cat=[android.intent.category.LAUNCHER] flg=0x10008000 cmp=com.example.dogglers/androidx.test.core.app.InstrumentationActivityInvoker$BootstrapActivity (has extras) }, activity=androidx.test.core.app.InstrumentationActivityInvoker$BootstrapActivity@7aa07f9
08-03 16:18:29.855  4556  5303 I SurfaceControl: nativeRelease nativeObject s[543483858368]
08-03 16:18:29.855  4556  5303 I SurfaceControl: nativeRelease nativeObject e[543483858368]
08-03 16:18:29.858  4233  4252 I Layer   : id=32941 removeFromCurrentState ActivityRecord{95e5b5a u0 com.example.dogglers/androidx.test.core.app.InstrumentationActivityInvoker$BootstrapActivity t486}#0 (90)
08-03 16:18:29.858  4233  4252 I SurfaceFlinger: id=32941 Removed ActivityRecord{95e5b5a u0 com.example.dogglers/androidx.test.core.app.InstrumentationActivityInvoker$BootstrapActivity t486}#0 (90)
08-03 16:18:29.865  4556  6734 V WindowManager: Relayout Window{dad3dff u0 com.example.dogglers/androidx.test.core.app.InstrumentationActivityInvoker$EmptyActivity}: viewVisibility=8 req=1080x2340
08-03 16:18:29.870  4556  6734 V WindowManager: Relayout hash=dad3dff, pid=22861: mAttrs={(0,0)(fillxfill) sim={adjust=pan forwardNavigation} ty=BASE_APPLICATION wanim=0x1030001
08-03 16:18:29.870  4556  6734 V WindowManager:   fl=1810100
08-03 16:18:29.870  4556  6734 V WindowManager:   pfl=12020000
08-03 16:18:29.870  4556  6734 V WindowManager:   fitSides= naviIconColor=0}
08-03 16:18:29.871 22861 22861 I SurfaceControl: assignNativeObject: nativeObject = 0 Surface(name=null)/@0x7867c7d / android.view.SurfaceControl.readFromParcel:1121 android.view.IWindowSession$Stub$Proxy.relayout:1814 android.view.ViewRootImpl.relayoutWindow:9005 android.view.ViewRootImpl.performTraversals:3360 android.view.ViewRootImpl.doTraversal:2618 android.view.ViewRootImpl$TraversalRunnable.run:9971 android.view.Choreographer$CallbackRecord.run:1010 android.view.Choreographer.doCallbacks:809 android.view.Choreographer.doFrame:744 android.view.Choreographer$FrameDisplayEventReceiver.run:995
08-03 16:18:29.872 22861 22861 I SurfaceControl: assignNativeObject: nativeObject = 0 Surface(name=null)/@0x3df4772 / android.view.SurfaceControl.readFromParcel:1121 android.view.IWindowSession$Stub$Proxy.relayout:1824 android.view.ViewRootImpl.relayoutWindow:9005 android.view.ViewRootImpl.performTraversals:3360 android.view.ViewRootImpl.doTraversal:2618 android.view.ViewRootImpl$TraversalRunnable.run:9971 android.view.Choreographer$CallbackRecord.run:1010 android.view.Choreographer.doCallbacks:809 android.view.Choreographer.doFrame:744 android.view.Choreographer$FrameDisplayEventReceiver.run:995
08-03 16:18:29.873 22861 22861 I ViewRootImpl@52282d4[InstrumentationActivityInvoker$EmptyActivity]: Relayout returned: old=(0,0,1080,2340) new=(0,0,1080,2340) req=(1080,2340)8 dur=8 res=0x1 s={false 0} ch=false fn=-1
08-03 16:18:29.873  4233  4233 I Layer   : id=32941[1] Destroyed ActivityRecord{95e5b5a u0 com.example.dogglers/androidx.test.core.app.InstrumentationActivityInvoker$BootstrapActivity t486}#0
08-03 16:18:29.876 22861 22861 I ViewRootImpl@52282d4[InstrumentationActivityInvoker$EmptyActivity]: stopped(true) old=false
08-03 16:18:29.876 22861 22861 D LifecycleMonitor: Lifecycle status change: androidx.test.core.app.InstrumentationActivityInvoker$EmptyActivity@2f0ea4b in: STOPPED
08-03 16:18:29.877 22861 22861 V ActivityScenario: Activity lifecycle changed event received but ignored because the intent does not match. startActivityIntent=Intent { act=android.intent.action.MAIN cat=[android.intent.category.LAUNCHER] cmp=com.example.dogglers/.MainActivity }, activity.getIntent()=Intent { act=android.intent.action.MAIN cat=[android.intent.category.LAUNCHER] flg=0x10000000 cmp=com.example.dogglers/androidx.test.core.app.InstrumentationActivityInvoker$EmptyActivity }, activity=androidx.test.core.app.InstrumentationActivityInvoker$EmptyActivity@2f0ea4b
08-03 16:18:29.896  4556  4630 D FastTrack: setFastTrackState: pid = 22861 ;tid= 22861 ;value= 0
08-03 16:18:29.897  4556  4605 D SehCodecSolutionService: Update top [com.example.dogglers]
08-03 16:18:29.897  4556  4630 D FastTrack: setFastTrackState: pid = 22861 ;tid= 22994 ;value= 0
08-03 16:18:29.901  4556  7068 D InputDispatcher: Focused application set to (0): df42e3b
08-03 16:18:29.906 20992 20992 I BSS_SysUiManager: handleMessage = 9, 3, 189
08-03 16:18:29.907 20992 20992 I BSS_SysUiManager: handleMessage = 9, 4, 486
08-03 16:18:29.908 20992 20992 I BSS_SysUiManager: handleMessage = 9, 4, 189
08-03 16:18:29.910 22861 22861 D LifecycleMonitor: Lifecycle status change: androidx.test.core.app.InstrumentationActivityInvoker$EmptyActivity@5b1a8a4 in: DESTROYED
08-03 16:18:29.910 22861 22861 V ActivityScenario: Activity lifecycle changed event received but ignored because the intent does not match. startActivityIntent=Intent { act=android.intent.action.MAIN cat=[android.intent.category.LAUNCHER] cmp=com.example.dogglers/.MainActivity }, activity.getIntent()=Intent { act=android.intent.action.MAIN cat=[android.intent.category.LAUNCHER] flg=0x10000000 cmp=com.example.dogglers/androidx.test.core.app.InstrumentationActivityInvoker$EmptyActivity }, activity=androidx.test.core.app.InstrumentationActivityInvoker$EmptyActivity@5b1a8a4
08-03 16:18:29.911 22861 22861 I ViewRootImpl@b91e609[InstrumentationActivityInvoker$EmptyActivity]: dispatchDetachedFromWindow
08-03 16:18:29.912  4556  7068 D InputTransport: Input channel destroyed: '8a0bf9c', fd=486
08-03 16:18:29.912  4556  7068 I SurfaceControl: nativeRelease nativeObject s[543483858656]
08-03 16:18:29.912  4556  7068 I SurfaceControl: nativeRelease nativeObject e[543483858656]
08-03 16:18:29.912  4556  7068 D WindowManager: isScreenshotDisabledLocked - win: Window{8a0bf9c u0 com.example.dogglers/androidx.test.core.app.InstrumentationActivityInvoker$EmptyActivity}
08-03 16:18:29.912  4556  7068 D WindowManager: isScreenshotDisabledLocked: userId = 0, disabled =false
08-03 16:18:29.914  4233  4252 I Layer   : id=32945 removeFromCurrentState 8a0bf9c com.example.dogglers/androidx.test.core.app.InstrumentationActivityInvoker$EmptyActivity#0 (89)
08-03 16:18:29.914  4233  4252 I SurfaceFlinger: id=32945 Removed 8a0bf9c com.example.dogglers/androidx.test.core.app.InstrumentationActivityInvoker$EmptyActivity#0 (89)
08-03 16:18:29.915 22861 22861 D InputTransport: Input channel destroyed: '8a0bf9c', fd=85
08-03 16:18:29.916  4556  7068 I SurfaceControl: nativeRelease nativeObject s[543485373568]
08-03 16:18:29.916  4556  7068 I SurfaceControl: nativeRelease nativeObject e[543485373568]
08-03 16:18:29.916 22861 22861 D LifecycleMonitor: Lifecycle status change: androidx.test.core.app.InstrumentationActivityInvoker$EmptyActivity@2f0ea4b in: DESTROYED
08-03 16:18:29.917 22861 22861 V ActivityScenario: Activity lifecycle changed event received but ignored because the intent does not match. startActivityIntent=Intent { act=android.intent.action.MAIN cat=[android.intent.category.LAUNCHER] cmp=com.example.dogglers/.MainActivity }, activity.getIntent()=Intent { act=android.intent.action.MAIN cat=[android.intent.category.LAUNCHER] flg=0x10000000 cmp=com.example.dogglers/androidx.test.core.app.InstrumentationActivityInvoker$EmptyActivity }, activity=androidx.test.core.app.InstrumentationActivityInvoker$EmptyActivity@2f0ea4b
08-03 16:18:29.918 22861 22861 I ViewRootImpl@52282d4[InstrumentationActivityInvoker$EmptyActivity]: dispatchDetachedFromWindow
08-03 16:18:29.918  4556  7068 D InputTransport: Input channel destroyed: 'dad3dff', fd=498
08-03 16:18:29.918  4556  7068 I SurfaceControl: nativeRelease nativeObject s[543735106912]
08-03 16:18:29.918  4556  7068 I SurfaceControl: nativeRelease nativeObject e[543735106912]
08-03 16:18:29.918  4556  7068 D WindowManager: isScreenshotDisabledLocked - win: Window{dad3dff u0 com.example.dogglers/androidx.test.core.app.InstrumentationActivityInvoker$EmptyActivity}
08-03 16:18:29.918  4556  7068 D WindowManager: isScreenshotDisabledLocked: userId = 0, disabled =false
08-03 16:18:29.920  4233  4252 I Layer   : id=32944 removeFromCurrentState ActivityRecord{db94ded u0 com.example.dogglers/androidx.test.core.app.InstrumentationActivityInvoker$EmptyActivity t486}#0 (89)
08-03 16:18:29.920  4233  4252 I Layer   : id=32947 removeFromCurrentState dad3dff com.example.dogglers/androidx.test.core.app.InstrumentationActivityInvoker$EmptyActivity#0 (89)
08-03 16:18:29.921  4233  4252 I SurfaceFlinger: id=32944 Removed ActivityRecord{db94ded u0 com.example.dogglers/androidx.test.core.app.InstrumentationActivityInvoker$EmptyActivity t486}#0 (89)
08-03 16:18:29.921  4233  4252 I SurfaceFlinger: id=32947 Removed dad3dff com.example.dogglers/androidx.test.core.app.InstrumentationActivityInvoker$EmptyActivity#0 (89)
08-03 16:18:29.921 22861 22861 D InputTransport: Input channel destroyed: 'dad3dff', fd=84
08-03 16:18:29.922  4556  6734 I SurfaceControl: nativeRelease nativeObject s[543483856832]
08-03 16:18:29.922  4556  6734 I SurfaceControl: nativeRelease nativeObject e[543483856832]
08-03 16:18:29.922 22861 22986 E TestRunner: failed: clicking_horizontal_list_button_displays_horizontal_list(com.example.dogglers.ButtonTests)
08-03 16:18:29.922 22861 22986 E TestRunner: ----- begin exception -----
08-03 16:18:29.922  4233  4233 I Layer   : id=32947[1] Destroyed dad3dff com.example.dogglers/androidx.test.core.app.InstrumentationActivityInvoker$EmptyActivity#0
08-03 16:18:29.922  4556  6734 I SurfaceControl: nativeRelease nativeObject s[543483848000]
08-03 16:18:29.922  4556  6734 I SurfaceControl: nativeRelease nativeObject e[543483848000]
08-03 16:18:29.922  4233  4233 I Layer   : id=32944[1] Destroyed ActivityRecord{db94ded u0 com.example.dogglers/androidx.test.core.app.InstrumentationActivityInvoker$EmptyActivity t486}#0
08-03 16:18:29.922  4233  4233 I Layer   : id=32945[1] Destroyed 8a0bf9c com.example.dogglers/androidx.test.core.app.InstrumentationActivityInvoker$EmptyActivity#0
08-03 16:18:29.923 22861 22986 E TestRunner: androidx.test.espresso.NoActivityResumedException: No activities in stage RESUMED. Did you forget to launch the activity. (test.getActivity() or similar)?
08-03 16:18:29.923 22861 22986 E TestRunner: 	at dalvik.system.VMStack.getThreadStackTrace(Native Method)
08-03 16:18:29.923 22861 22986 E TestRunner: 	at java.lang.Thread.getStackTrace(Thread.java:1736)
08-03 16:18:29.923 22861 22986 E TestRunner: 	at androidx.test.espresso.base.DefaultFailureHandler.getUserFriendlyError(DefaultFailureHandler.java:12)
08-03 16:18:29.923 22861 22986 E TestRunner: 	at androidx.test.espresso.base.DefaultFailureHandler.handle(DefaultFailureHandler.java:7)
08-03 16:18:29.923 22861 22986 E TestRunner: 	at androidx.test.espresso.ViewInteraction.waitForAndHandleInteractionResults(ViewInteraction.java:8)
08-03 16:18:29.923 22861 22986 E TestRunner: 	at androidx.test.espresso.ViewInteraction.desugaredPerform(ViewInteraction.java:11)
08-03 16:18:29.923 22861 22986 E TestRunner: 	at androidx.test.espresso.ViewInteraction.perform(ViewInteraction.java:4)
08-03 16:18:29.923 22861 22986 E TestRunner: 	at com.example.dogglers.ButtonTests.clicking_horizontal_list_button_displays_horizontal_list(ButtonTests.kt:60)
08-03 16:18:29.923 22861 22986 E TestRunner: 	at java.lang.reflect.Method.invoke(Native Method)
08-03 16:18:29.923 22861 22986 E TestRunner: 	at org.junit.runners.model.FrameworkMethod$1.runReflectiveCall(FrameworkMethod.java:50)
08-03 16:18:29.923 22861 22986 E TestRunner: 	at org.junit.internal.runners.model.ReflectiveCallable.run(ReflectiveCallable.java:12)
08-03 16:18:29.923 22861 22986 E TestRunner: 	at org.junit.runners.model.FrameworkMethod.invokeExplosively(FrameworkMethod.java:47)
08-03 16:18:29.923 22861 22986 E TestRunner: 	at org.junit.internal.runners.statements.InvokeMethod.evaluate(InvokeMethod.java:17)
08-03 16:18:29.923 22861 22986 E TestRunner: 	at org.junit.rules.ExternalResource$1.evaluate(ExternalResource.java:48)
08-03 16:18:29.923 22861 22986 E TestRunner: 	at org.junit.rules.RunRules.evaluate(RunRules.java:20)
08-03 16:18:29.923 22861 22986 E TestRunner: 	at org.junit.runners.ParentRunner.runLeaf(ParentRunner.java:325)
08-03 16:18:29.923 22861 22986 E TestRunner: 	at org.junit.runners.BlockJUnit4ClassRunner.runChild(BlockJUnit4ClassRunner.java:78)
08-03 16:18:29.923 22861 22986 E TestRunner: 	at org.junit.runners.BlockJUnit4ClassRunner.runChild(BlockJUnit4ClassRunner.java:57)
08-03 16:18:29.923 22861 22986 E TestRunner: 	at org.junit.runners.ParentRunner$3.run(ParentRunner.java:290)
08-03 16:18:29.923 22861 22986 E TestRunner: 	at org.junit.runners.ParentRunner$1.schedule(ParentRunner.java:71)
08-03 16:18:29.923 22861 22986 E TestRunner: 	at org.junit.runners.ParentRunner.runChildren(ParentRunner.java:288)
08-03 16:18:29.923 22861 22986 E TestRunner: 	at org.junit.runners.ParentRunner.access$000(ParentRunner.java:58)
08-03 16:18:29.923 22861 22986 E TestRunner: 	at org.junit.runners.ParentRunner$2.evaluate(ParentRunner.java:268)
08-03 16:18:29.923 22861 22986 E TestRunner: 	at org.junit.runners.ParentRunner.run(ParentRunner.java:363)
08-03 16:18:29.923 22861 22986 E TestRunner: 	at androidx.test.ext.junit.runners.AndroidJUnit4.run(AndroidJUnit4.java:162)
08-03 16:18:29.923 22861 22986 E TestRunner: 	at org.junit.runners.Suite.runChild(Suite.java:128)
08-03 16:18:29.923 22861 22986 E TestRunner: 	at org.junit.runners.Suite.runChild(Suite.java:27)
08-03 16:18:29.923 22861 22986 E TestRunner: 	at org.junit.runners.ParentRunner$3.run(ParentRunner.java:290)
08-03 16:18:29.923 22861 22986 E TestRunner: 	at org.junit.runners.ParentRunner$1.schedule(ParentRunner.java:71)
08-03 16:18:29.923 22861 22986 E TestRunner: 	at org.junit.runners.ParentRunner.runChildren(ParentRunner.java:288)
08-03 16:18:29.923 22861 22986 E TestRunner: 	at org.junit.runners.ParentRunner.access$000(ParentRunner.java:58)
08-03 16:18:29.923 22861 22986 E TestRunner: 	at org.junit.runners.ParentRunner$2.evaluate(ParentRunner.java:268)
08-03 16:18:29.923 22861 22986 E TestRunner: 	at org.junit.runners.ParentRunner.run(ParentRunner.java:363)
08-03 16:18:29.923 22861 22986 E TestRunner: 	at org.junit.runner.JUnitCore.run(JUnitCore.java:137)
08-03 16:18:29.923 22861 22986 E TestRunner: 	at org.junit.runner.JUnitCore.run(JUnitCore.java:115)
08-03 16:18:29.923 22861 22986 E TestRunner: 	at androidx.test.internal.runner.TestExecutor.execute(TestExecutor.java:56)
08-03 16:18:29.923 22861 22986 E TestRunner: 	at androidx.test.runner.AndroidJUnitRunner.onStart(AndroidJUnitRunner.java:444)
08-03 16:18:29.923 22861 22986 E TestRunner: 	at android.app.Instrumentation$InstrumentationThread.run(Instrumentation.java:2218)
08-03 16:18:29.923 22861 22986 E TestRunner: ----- end exception -----
08-03 16:18:29.925 22861 22986 I TestRunner: finished: clicking_horizontal_list_button_displays_horizontal_list(com.example.dogglers.ButtonTests)
